2026-04-27T14:42:17.602+03:00  INFO 44272 --- [main] .m.s.MedicalAppointmentSystemApplication : Starting MedicalAppointmentSystemApplication using Java 17.0.18 with PID 44272 (C:\Users\user\IdeaProjects\medical-appointment-system\target\classes started by user in C:\Users\user\IdeaProjects\medical-appointment-system)
2026-04-27T14:42:17.613+03:00 DEBUG 44272 --- [main] .m.s.MedicalAppointmentSystemApplication : Running with Spring Boot v3.2.0, Spring v6.1.1
2026-04-27T14:42:17.614+03:00  INFO 44272 --- [main] .m.s.MedicalAppointmentSystemApplication : No active profile set, falling back to 1 default profile: "default"
2026-04-27T14:42:18.966+03:00  INFO 44272 --- [main] .s.d.r.c.RepositoryConfigurationDelegate : Bootstrapping Spring Data JPA repositories in DEFAULT mode.
2026-04-27T14:42:19.092+03:00  INFO 44272 --- [main] .s.d.r.c.RepositoryConfigurationDelegate : Finished Spring Data repository scanning in 95 ms. Found 5 JPA repository interfaces.
2026-04-27T14:42:20.241+03:00  INFO 44272 --- [main] o.s.b.w.embedded.tomcat.TomcatWebServer  : Tomcat initialized with port 8081 (http)
2026-04-27T14:42:20.276+03:00  INFO 44272 --- [main] o.apache.catalina.core.StandardService   : Starting service [Tomcat]
2026-04-27T14:42:20.276+03:00  INFO 44272 --- [main] o.apache.catalina.core.StandardEngine    : Starting Servlet engine: [Apache Tomcat/10.1.16]
2026-04-27T14:42:20.386+03:00  INFO 44272 --- [main] o.a.c.c.C.[Tomcat].[localhost].[/]       : Initializing Spring embedded WebApplicationContext
2026-04-27T14:42:20.386+03:00  INFO 44272 --- [main] w.s.c.ServletWebServerApplicationContext : Root WebApplicationContext: initialization completed in 2684 ms
2026-04-27T14:42:20.663+03:00  INFO 44272 --- [main] o.hibernate.jpa.internal.util.LogHelper  : HHH000204: Processing PersistenceUnitInfo [name: default]
2026-04-27T14:42:20.757+03:00  INFO 44272 --- [main] org.hibernate.Version                    : HHH000412: Hibernate ORM core version 6.3.1.Final
2026-04-27T14:42:20.836+03:00  INFO 44272 --- [main] o.h.c.internal.RegionFactoryInitiator    : HHH000026: Second-level cache disabled
2026-04-27T14:42:21.260+03:00  INFO 44272 --- [main] o.s.o.j.p.SpringPersistenceUnitInfo      : No LoadTimeWeaver setup: ignoring JPA class transformer
2026-04-27T14:42:21.307+03:00  INFO 44272 --- [main] com.zaxxer.hikari.HikariDataSource       : HikariPool-1 - Starting...
2026-04-27T14:42:21.593+03:00  INFO 44272 --- [main] com.zaxxer.hikari.pool.HikariPool        : HikariPool-1 - Added connection org.postgresql.jdbc.PgConnection@e86c9a5
2026-04-27T14:42:21.593+03:00  INFO 44272 --- [main] com.zaxxer.hikari.HikariDataSource       : HikariPool-1 - Start completed.
2026-04-27T14:42:21.656+03:00  WARN 44272 --- [main] org.hibernate.orm.deprecation            : HHH90000025: PostgreSQLDialect does not need to be specified explicitly using 'hibernate.dialect' (remove the property setting and it will be selected by default)
2026-04-27T14:42:23.108+03:00  INFO 44272 --- [main] o.h.e.t.j.p.i.JtaPlatformInitiator       : HHH000489: No JTA platform available (set 'hibernate.transaction.jta.platform' to enable JTA platform integration)
2026-04-27T14:42:23.345+03:00  INFO 44272 --- [main] j.LocalContainerEntityManagerFactoryBean : Initialized JPA EntityManagerFactory for persistence unit 'default'
2026-04-27T14:42:23.911+03:00  INFO 44272 --- [main] o.s.d.j.r.query.QueryEnhancerFactory     : Hibernate is in classpath; If applicable, HQL parser will be used.
2026-04-27T14:42:24.984+03:00  WARN 44272 --- [main] JpaBaseConfiguration$JpaWebConfiguration : spring.jpa.open-in-view is enabled by default. Therefore, database queries may be performed during view rendering. Explicitly configure spring.jpa.open-in-view to disable this warning
2026-04-27T14:42:25.660+03:00  INFO 44272 --- [main] o.s.b.w.embedded.tomcat.TomcatWebServer  : Tomcat started on port 8081 (http) with context path ''
2026-04-27T14:42:25.675+03:00  INFO 44272 --- [main] .m.s.MedicalAppointmentSystemApplication : Started MedicalAppointmentSystemApplication in 8.991 seconds (process running for 9.885)
2026-04-27T14:43:31.969+03:00  INFO 44272 --- [http-nio-8081-exec-1] o.a.c.c.C.[Tomcat].[localhost].[/]       : Initializing Spring DispatcherServlet 'dispatcherServlet'
2026-04-27T14:43:31.970+03:00  INFO 44272 --- [http-nio-8081-exec-1] o.s.web.servlet.DispatcherServlet        : Initializing Servlet 'dispatcherServlet'
2026-04-27T14:43:31.970+03:00  INFO 44272 --- [http-nio-8081-exec-1] o.s.web.servlet.DispatcherServlet        : Completed initialization in 0 ms
2026-04-27T14:43:32.158+03:00  INFO 44272 --- [http-nio-8081-exec-1] c.m.system.aspect.ExecutionTimeAspect    : AOP: Метод [PatientService.getPatientsByLastName(..)] выполнен за 128 мс
2026-04-27T14:43:32.303+03:00  INFO 44272 --- [http-nio-8081-exec-5] c.m.system.aspect.ExecutionTimeAspect    : AOP: Метод [SpecializationService.getAllSpecializations()] выполнен за 13 мс
2026-04-27T14:43:32.328+03:00  INFO 44272 --- [http-nio-8081-exec-4] c.m.system.aspect.ExecutionTimeAspect    : AOP: Метод [DoctorService.getAllDoctors()] выполнен за 38 мс
2026-04-27T14:43:32.330+03:00  INFO 44272 --- [http-nio-8081-exec-6] c.m.system.aspect.ExecutionTimeAspect    : AOP: Метод [PatientService.getPatientsByLastName(..)] выполнен за 69 мс
2026-04-27T14:43:32.330+03:00  INFO 44272 --- [http-nio-8081-exec-3] c.m.system.aspect.ExecutionTimeAspect    : AOP: Метод [SpecializationService.getAllSpecializations()] выполнен за 2 мс
2026-04-27T14:43:32.364+03:00  INFO 44272 --- [http-nio-8081-exec-7] c.m.system.aspect.ExecutionTimeAspect    : AOP: Метод [DoctorService.getAllDoctors()] выполнен за 17 мс
2026-04-27T14:43:47.982+03:00  INFO 44272 --- [http-nio-8081-exec-1] c.m.system.aspect.ExecutionTimeAspect    : AOP: Метод [DoctorService.getAllDoctors()] выполнен за 29 мс
2026-04-27T14:43:48.020+03:00  INFO 44272 --- [http-nio-8081-exec-5] c.m.system.aspect.ExecutionTimeAspect    : AOP: Метод [DoctorService.getAllDoctors()] выполнен за 29 мс
2026-04-27T14:43:48.035+03:00  INFO 44272 --- [http-nio-8081-exec-10] c.m.system.aspect.ExecutionTimeAspect    : AOP: Метод [AppointmentService.getAllAppointments()] выполнен за 81 мс
2026-04-27T14:43:48.107+03:00  INFO 44272 --- [http-nio-8081-exec-4] c.m.system.aspect.ExecutionTimeAspect    : AOP: Метод [AppointmentService.getAllAppointments()] выполнен за 55 мс
2026-04-27T14:44:04.281+03:00  INFO 44272 --- [http-nio-8081-exec-8] c.m.system.aspect.ExecutionTimeAspect    : AOP: Метод [SpecializationService.getAllSpecializations()] выполнен за 10 мс
2026-04-27T14:44:04.301+03:00  INFO 44272 --- [http-nio-8081-exec-7] c.m.system.aspect.ExecutionTimeAspect    : AOP: Метод [DoctorService.getAllDoctors()] выполнен за 30 мс
2026-04-27T14:44:04.303+03:00  INFO 44272 --- [http-nio-8081-exec-9] c.m.system.aspect.ExecutionTimeAspect    : AOP: Метод [SpecializationService.getAllSpecializations()] выполнен за 6 мс
2026-04-27T14:44:04.334+03:00  INFO 44272 --- [http-nio-8081-exec-2] c.m.system.aspect.ExecutionTimeAspect    : AOP: Метод [DoctorService.getAllDoctors()] выполнен за 20 мс
2026-04-27T14:44:27.788+03:00  INFO 44272 --- [http-nio-8081-exec-10] c.m.system.aspect.ExecutionTimeAspect    : AOP: Метод [DoctorService.getAllDoctors()] выполнен за 25 мс
2026-04-27T14:44:27.799+03:00  INFO 44272 --- [http-nio-8081-exec-4] c.m.system.aspect.ExecutionTimeAspect    : AOP: Метод [AppointmentService.getAllAppointments()] выполнен за 36 мс
2026-04-27T14:44:27.819+03:00  INFO 44272 --- [http-nio-8081-exec-6] c.m.system.aspect.ExecutionTimeAspect    : AOP: Метод [DoctorService.getAllDoctors()] выполнен за 23 мс
2026-04-27T14:44:27.844+03:00  INFO 44272 --- [http-nio-8081-exec-3] c.m.system.aspect.ExecutionTimeAspect    : AOP: Метод [AppointmentService.getAllAppointments()] выполнен за 33 мс
2026-04-27T14:44:35.781+03:00  INFO 44272 --- [http-nio-8081-exec-7] c.m.system.aspect.ExecutionTimeAspect    : AOP: Метод [SpecializationService.getAllSpecializations()] выполнен за 7 мс
2026-04-27T14:44:35.797+03:00  INFO 44272 --- [http-nio-8081-exec-9] c.m.system.aspect.ExecutionTimeAspect    : AOP: Метод [SpecializationService.getAllSpecializations()] выполнен за 5 мс
2026-04-27T14:44:35.797+03:00  INFO 44272 --- [http-nio-8081-exec-8] c.m.system.aspect.ExecutionTimeAspect    : AOP: Метод [DoctorService.getAllDoctors()] выполнен за 23 мс
2026-04-27T14:44:35.824+03:00  INFO 44272 --- [http-nio-8081-exec-2] c.m.system.aspect.ExecutionTimeAspect    : AOP: Метод [DoctorService.getAllDoctors()] выполнен за 20 мс
2026-04-27T14:45:14.032+03:00  INFO 44272 --- [http-nio-8081-exec-10] c.m.system.aspect.ExecutionTimeAspect    : AOP: Метод [PatientService.getPatientsByLastName(..)] выполнен за 50 мс
2026-04-27T14:45:14.073+03:00  INFO 44272 --- [http-nio-8081-exec-4] c.m.system.aspect.ExecutionTimeAspect    : AOP: Метод [PatientService.getPatientsByLastName(..)] выполнен за 25 мс
2026-04-27T14:45:14.085+03:00  INFO 44272 --- [http-nio-8081-exec-3] c.m.system.aspect.ExecutionTimeAspect    : AOP: Метод [SpecializationService.getAllSpecializations()] выполнен за 3 мс
2026-04-27T14:45:14.090+03:00  INFO 44272 --- [http-nio-8081-exec-6] c.m.system.aspect.ExecutionTimeAspect    : AOP: Метод [DoctorService.getAllDoctors()] выполнен за 17 мс
2026-04-27T14:45:14.090+03:00  INFO 44272 --- [http-nio-8081-exec-7] c.m.system.aspect.ExecutionTimeAspect    : AOP: Метод [SpecializationService.getAllSpecializations()] выполнен за 0 мс
2026-04-27T14:45:14.106+03:00  INFO 44272 --- [http-nio-8081-exec-8] c.m.system.aspect.ExecutionTimeAspect    : AOP: Метод [DoctorService.getAllDoctors()] выполнен за 8 мс
2026-04-27T15:17:37.538+03:00  WARN 44272 --- [HikariPool-1 housekeeper] com.zaxxer.hikari.pool.HikariPool        : HikariPool-1 - Thread starvation or clock leap detected (housekeeper delta=32m45s812ms106µs500ns).
2026-04-27T15:17:39.526+03:00  INFO 44272 --- [http-nio-8081-exec-1] c.m.system.aspect.ExecutionTimeAspect    : AOP: Метод [PatientService.getPatientsByLastName(..)] выполнен за 82 мс
2026-04-27T15:17:39.576+03:00  INFO 44272 --- [http-nio-8081-exec-3] c.m.system.aspect.ExecutionTimeAspect    : AOP: Метод [SpecializationService.getAllSpecializations()] выполнен за 11 мс
2026-04-27T15:17:39.599+03:00  INFO 44272 --- [http-nio-8081-exec-4] c.m.system.aspect.ExecutionTimeAspect    : AOP: Метод [DoctorService.getAllDoctors()] выполнен за 34 мс
2026-04-27T15:17:39.606+03:00  INFO 44272 --- [http-nio-8081-exec-6] c.m.system.aspect.ExecutionTimeAspect    : AOP: Метод [SpecializationService.getAllSpecializations()] выполнен за 7 мс
2026-04-27T15:17:39.628+03:00  INFO 44272 --- [http-nio-8081-exec-10] c.m.system.aspect.ExecutionTimeAspect    : AOP: Метод [PatientService.getPatientsByLastName(..)] выполнен за 74 мс
2026-04-27T15:17:39.647+03:00  INFO 44272 --- [http-nio-8081-exec-7] c.m.system.aspect.ExecutionTimeAspect    : AOP: Метод [DoctorService.getAllDoctors()] выполнен за 22 мс
2026-04-27T15:17:49.264+03:00  INFO 44272 --- [http-nio-8081-exec-5] c.m.system.aspect.ExecutionTimeAspect    : AOP: Метод [DoctorService.getAllDoctors()] выполнен за 26 мс
2026-04-27T15:17:49.298+03:00  INFO 44272 --- [http-nio-8081-exec-1] c.m.system.aspect.ExecutionTimeAspect    : AOP: Метод [AppointmentService.getAllAppointments()] выполнен за 58 мс
2026-04-27T15:17:49.310+03:00  INFO 44272 --- [http-nio-8081-exec-3] c.m.system.aspect.ExecutionTimeAspect    : AOP: Метод [DoctorService.getAllDoctors()] выполнен за 26 мс
2026-04-27T15:17:49.359+03:00  INFO 44272 --- [http-nio-8081-exec-4] c.m.system.aspect.ExecutionTimeAspect    : AOP: Метод [AppointmentService.getAllAppointments()] выполнен за 37 мс
2026-04-27T15:32:44.170+03:00  INFO 44272 --- [http-nio-8081-exec-7] c.m.system.aspect.ExecutionTimeAspect    : AOP: Метод [PatientService.getPatientsByLastName(..)] выполнен за 32 мс
2026-04-27T15:32:44.217+03:00  INFO 44272 --- [http-nio-8081-exec-9] c.m.system.aspect.ExecutionTimeAspect    : AOP: Метод [PatientService.getPatientsByLastName(..)] выполнен за 32 мс
2026-04-27T15:32:44.233+03:00  INFO 44272 --- [http-nio-8081-exec-8] c.m.system.aspect.ExecutionTimeAspect    : AOP: Метод [SpecializationService.getAllSpecializations()] выполнен за 0 мс
2026-04-27T15:32:44.248+03:00  INFO 44272 --- [http-nio-8081-exec-2] c.m.system.aspect.ExecutionTimeAspect    : AOP: Метод [DoctorService.getAllDoctors()] выполнен за 15 мс
2026-04-27T15:32:44.248+03:00  INFO 44272 --- [http-nio-8081-exec-5] c.m.system.aspect.ExecutionTimeAspect    : AOP: Метод [SpecializationService.getAllSpecializations()] выполнен за 0 мс
2026-04-27T15:32:44.264+03:00  INFO 44272 --- [http-nio-8081-exec-1] c.m.system.aspect.ExecutionTimeAspect    : AOP: Метод [DoctorService.getAllDoctors()] выполнен за 16 мс
2026-04-27T15:32:58.210+03:00  WARN 44272 --- [HikariPool-1 housekeeper] com.zaxxer.hikari.pool.HikariPool        : HikariPool-1 - Thread starvation or clock leap detected (housekeeper delta=14m50s665ms314µs100ns).
2026-04-27T15:41:32.209+03:00  INFO 44272 --- [http-nio-8081-exec-7] c.m.system.aspect.ExecutionTimeAspect    : AOP: Метод [DoctorService.getAllDoctors()] выполнен за 10 мс
2026-04-27T15:41:32.221+03:00  INFO 44272 --- [http-nio-8081-exec-10] c.m.system.aspect.ExecutionTimeAspect    : AOP: Метод [AppointmentService.getAllAppointments()] выполнен за 22 мс
2026-04-27T15:41:32.239+03:00  INFO 44272 --- [http-nio-8081-exec-9] c.m.system.aspect.ExecutionTimeAspect    : AOP: Метод [DoctorService.getAllDoctors()] выполнен за 18 мс
2026-04-27T15:41:32.277+03:00  INFO 44272 --- [http-nio-8081-exec-8] c.m.system.aspect.ExecutionTimeAspect    : AOP: Метод [AppointmentService.getAllAppointments()] выполнен за 38 мс
2026-04-27T15:41:35.786+03:00  INFO 44272 --- [http-nio-8081-exec-2] c.m.system.aspect.ExecutionTimeAspect    : AOP: Метод [SpecializationService.getAllSpecializations()] выполнен за 4 мс
2026-04-27T15:41:35.796+03:00  INFO 44272 --- [http-nio-8081-exec-5] c.m.system.aspect.ExecutionTimeAspect    : AOP: Метод [DoctorService.getAllDoctors()] выполнен за 14 мс
2026-04-27T15:41:35.802+03:00  INFO 44272 --- [http-nio-8081-exec-5] c.m.system.aspect.ExecutionTimeAspect    : AOP: Метод [SpecializationService.getAllSpecializations()] выполнен за 5 мс
2026-04-27T15:41:35.804+03:00  INFO 44272 --- [http-nio-8081-exec-6] c.m.system.aspect.ExecutionTimeAspect    : AOP: Метод [DoctorService.getAllDoctors()] выполнен за 0 мс
2026-04-27T15:41:37.322+03:00  INFO 44272 --- [http-nio-8081-exec-3] c.m.system.aspect.ExecutionTimeAspect    : AOP: Метод [PatientService.getPatientsByLastName(..)] выполнен за 49 мс
2026-04-27T15:41:37.387+03:00  INFO 44272 --- [http-nio-8081-exec-4] c.m.system.aspect.ExecutionTimeAspect    : AOP: Метод [PatientService.getPatientsByLastName(..)] выполнен за 49 мс
2026-04-27T15:41:45.236+03:00  INFO 44272 --- [http-nio-8081-exec-9] c.m.system.aspect.ExecutionTimeAspect    : AOP: Метод [AppointmentService.getAllAppointments()] выполнен за 33 мс
2026-04-27T15:41:49.227+03:00  INFO 44272 --- [http-nio-8081-exec-1] c.m.system.aspect.ExecutionTimeAspect    : AOP: Метод [AppointmentService.createAppointment(..)] выполнен за 138 мс
2026-04-27T15:41:52.370+03:00  INFO 44272 --- [http-nio-8081-exec-6] c.m.system.aspect.ExecutionTimeAspect    : AOP: Метод [DoctorService.getAllDoctors()] выполнен за 16 мс
2026-04-27T15:41:52.377+03:00  INFO 44272 --- [http-nio-8081-exec-5] c.m.system.aspect.ExecutionTimeAspect    : AOP: Метод [AppointmentService.getAllAppointments()] выполнен за 24 мс
2026-04-27T15:41:52.399+03:00  INFO 44272 --- [http-nio-8081-exec-3] c.m.system.aspect.ExecutionTimeAspect    : AOP: Метод [DoctorService.getAllDoctors()] выполнен за 2 мс
2026-04-27T15:41:52.420+03:00  INFO 44272 --- [http-nio-8081-exec-4] c.m.system.aspect.ExecutionTimeAspect    : AOP: Метод [AppointmentService.getAllAppointments()] выполнен за 18 мс
2026-04-27T15:41:59.968+03:00  INFO 44272 --- [http-nio-8081-exec-2] c.m.system.aspect.ExecutionTimeAspect    : AOP: Метод [AppointmentService.updateStatus(..)] выполнен за 14 мс
2026-04-27T15:42:11.178+03:00  INFO 44272 --- [http-nio-8081-exec-6] c.m.system.aspect.ExecutionTimeAspect    : AOP: Метод [SpecializationService.getAllSpecializations()] выполнен за 0 мс
2026-04-27T15:42:11.201+03:00  INFO 44272 --- [http-nio-8081-exec-5] c.m.system.aspect.ExecutionTimeAspect    : AOP: Метод [SpecializationService.getAllSpecializations()] выполнен за 5 мс
2026-04-27T15:42:27.985+03:00  INFO 44272 --- [http-nio-8081-exec-7] c.m.system.aspect.ExecutionTimeAspect    : AOP: Метод [SpecializationService.getAllSpecializations()] выполнен за 0 мс
2026-04-27T15:42:27.994+03:00  INFO 44272 --- [http-nio-8081-exec-4] c.m.system.aspect.ExecutionTimeAspect    : AOP: Метод [DoctorService.getAllDoctors()] выполнен за 9 мс
2026-04-27T15:42:28.000+03:00  INFO 44272 --- [http-nio-8081-exec-10] c.m.system.aspect.ExecutionTimeAspect    : AOP: Метод [SpecializationService.getAllSpecializations()] выполнен за 6 мс
2026-04-27T15:42:28.013+03:00  INFO 44272 --- [http-nio-8081-exec-9] c.m.system.aspect.ExecutionTimeAspect    : AOP: Метод [DoctorService.getAllDoctors()] выполнен за 9 мс
2026-04-27T15:42:36.657+03:00  INFO 44272 --- [http-nio-8081-exec-5] c.m.system.aspect.ExecutionTimeAspect    : AOP: Метод [DoctorService.getAllDoctors()] выполнен за 8 мс
2026-04-27T15:42:36.663+03:00  INFO 44272 --- [http-nio-8081-exec-1] c.m.system.aspect.ExecutionTimeAspect    : AOP: Метод [AppointmentService.getAllAppointments()] выполнен за 16 мс
2026-04-27T15:42:36.677+03:00  INFO 44272 --- [http-nio-8081-exec-6] c.m.system.aspect.ExecutionTimeAspect    : AOP: Метод [PatientService.getPatientsByLastName(..)] выполнен за 30 мс
2026-04-27T15:42:36.677+03:00  INFO 44272 --- [http-nio-8081-exec-3] c.m.system.aspect.ExecutionTimeAspect    : AOP: Метод [DoctorService.getAllDoctors()] выполнен за 8 мс
2026-04-27T15:42:36.702+03:00  INFO 44272 --- [http-nio-8081-exec-7] c.m.system.aspect.ExecutionTimeAspect    : AOP: Метод [AppointmentService.getAllAppointments()] выполнен за 16 мс
2026-04-27T15:42:36.718+03:00  INFO 44272 --- [http-nio-8081-exec-4] c.m.system.aspect.ExecutionTimeAspect    : AOP: Метод [PatientService.getPatientsByLastName(..)] выполнен за 25 мс
2026-04-27T15:42:43.964+03:00  INFO 44272 --- [http-nio-8081-exec-5] c.m.system.aspect.ExecutionTimeAspect    : AOP: Метод [SpecializationService.getAllSpecializations()] выполнен за 0 мс
2026-04-27T15:42:43.982+03:00  INFO 44272 --- [http-nio-8081-exec-1] c.m.system.aspect.ExecutionTimeAspect    : AOP: Метод [SpecializationService.getAllSpecializations()] выполнен за 0 мс
2026-04-27T15:42:46.694+03:00  INFO 44272 --- [http-nio-8081-exec-3] c.m.system.aspect.ExecutionTimeAspect    : AOP: Метод [SpecializationService.getAllSpecializations()] выполнен за 0 мс
2026-04-27T15:42:46.704+03:00  INFO 44272 --- [http-nio-8081-exec-6] c.m.system.aspect.ExecutionTimeAspect    : AOP: Метод [DoctorService.getAllDoctors()] выполнен за 10 мс
2026-04-27T15:42:46.715+03:00  INFO 44272 --- [http-nio-8081-exec-7] c.m.system.aspect.ExecutionTimeAspect    : AOP: Метод [SpecializationService.getAllSpecializations()] выполнен за 11 мс
2026-04-27T15:42:46.723+03:00  INFO 44272 --- [http-nio-8081-exec-4] c.m.system.aspect.ExecutionTimeAspect    : AOP: Метод [DoctorService.getAllDoctors()] выполнен за 5 мс
2026-04-27T15:43:07.196+03:00  INFO 44272 --- [http-nio-8081-exec-8] c.m.system.aspect.ExecutionTimeAspect    : AOP: Метод [DoctorService.updateDoctor(..)] выполнен за 12 мс
2026-04-27T15:43:07.236+03:00  INFO 44272 --- [http-nio-8081-exec-5] c.m.system.aspect.ExecutionTimeAspect    : AOP: Метод [DoctorService.getAllDoctors()] выполнен за 5 мс
2026-04-27T15:46:07.953+03:00  INFO 44272 --- [SpringApplicationShutdownHook] j.LocalContainerEntityManagerFactoryBean : Closing JPA EntityManagerFactory for persistence unit 'default'
2026-04-27T15:46:07.953+03:00  INFO 44272 --- [SpringApplicationShutdownHook] com.zaxxer.hikari.HikariDataSource       : HikariPool-1 - Shutdown initiated...
2026-04-27T15:46:07.966+03:00  INFO 44272 --- [SpringApplicationShutdownHook] com.zaxxer.hikari.HikariDataSource       : HikariPool-1 - Shutdown completed.
